# VZebra v2 Change Log
# Format: [YYYY-MM-DD] FILE: description

# ── 2026-05-04 (feat/realistic-connectome branch) ──────────────────────────

[2026-05-04] zebrav2/brain/synapses.py
  REFACTOR: Dense W matrix → COO sparse storage (_row, _col, _val triplets)
  - Memory: O(post_n × pre_n) → O(nnz); 69.3 MB → 11.7 MB for EILayer synapses
  - Added init_sparse(), init_distance_sparse(λ=80 μm from PNAS Fig S2B)
  - Forward: index_add_ scatter instead of dense matmul
  - Added W property (read-only dense reconstruction), zero_weights()

[2026-05-04] zebrav2/brain/ei_layer.py
  FEAT: Added init_distance(pos_e, pos_i, lambda_um) method
  - Calls init_distance_sparse on all 4 synapse types (EE, EI, IE, II)
  - Region-specific lambda via get_region_lambda()

[2026-05-04] zebrav2/brain/connectome.py
  FEAT: Added REGION_LAMBDA dict + get_region_lambda(region_name)
  - Telencephalon: λ=120 μm (sparse-modular, clustering=0.027)
  - Hindbrain: λ=50 μm (dense, clustering=0.066)
  - Baseline: λ=80 μm (PNAS Fig S2B empirical)
  - Added ('TeO','Th', 0.04, True) to ANATOMICAL_PROJECTIONS (was missing)

[2026-05-04] zebrav2/brain/spatial_registry.py
  FEAT: Atlas-sampled neuron positions with Gaussian jitter
  - generate_positions(): samples from real atlas XYZ + jitter at ½ NN spacing
  - assign_to_brain(): calls layer.init_distance() for 10 tectum + 2 pallium EILayers
  - topographic_weight(): Gaussian σ=0.15 mapping for retina→tectum retinotopy
  - Applies retinotopic weighting to W_on_L/R, W_off_L/R (interpolated to fit)

[2026-05-04] zebrav2/brain/retina.py
  FIX: Direction-selective cells from direction-blind to Reichardt correlator
  - Old: ds_raw = clamp(I(k,t) × I(k,t-1), 0, 1) — symmetric, direction-blind
  - New: ds_raw = I(k,t)×I(k-1,t-1) − I(k,t)×I(k+1,t-1) — signed directional
  - Positive = rightward, negative = leftward (Hassenstein & Reichardt 1956)
  - Zero-padded at boundaries (no wraparound)

[2026-05-04] zebrav2/brain/pretectum.py
  FIX: OKR was always 0.0 due to threshold mismatch
  - Removed tonic inhibition i_tonic.fill_(-1.5) (threshold now ~3.5 pA net)
  - Increased DS gain 15→100 (ds≈0.023 × 100 = 2.3 pA → net 5.3 pA → fires)
  - Now correctly drives directional OKR with ds~0.02

[2026-05-04] zebrav2/tests/test_omr.py
  NEW: OMR (optomotor response) benchmark
  - 15 tests: DS directionality, monocular L/R, bilateral static, directional consistency
  - All 15/15 pass

[2026-05-04] zebrav2/tests/test_phase2_ei.py
  FIX: layer_no_i.syn_ie.W.zero_() → layer_no_i.syn_ie.zero_weights()
  - Sparse Synapse no longer exposes W as mutable tensor

# ── 2026-05-04 continued ────────────────────────────────────────────────────

[2026-05-04] zebrav2/brain/nucleus_isthmi.py
  NEW: Nucleus Isthmi — winner-take-all visual stimulus selection
  - 30 neurons/hemisphere (60 total), IB burst-firing (cholinergic)
  - Input: ipsilateral SGC mean rate; Output: contralateral SFGS-b inhibition
  - NI_L (driven by SGC_L) → -3 pA to R SFGS-b; NI_R → -3 pA to L SFGS-b
  - Creates cross-hemisphere suppression for prey/threat segregation
  - Reference: Fernandes et al. (2012) J Neurosci

[2026-05-04] zebrav2/brain/tectum.py
  FEAT: Added I_ni_L, I_ni_R parameters to forward()
  - Scalar GABAergic NI feedback injected into I_sfgsb_L/R before EI dynamics
  - Enables winner-take-all from NucleusIsthmi module

[2026-05-04] zebrav2/brain/brain_v2.py
  FEAT: Wire NucleusIsthmi into tectum pipeline
  - Import + instantiate self.ni = NucleusIsthmi(device)
  - 1-step delay buffers: _ni_fb_L, _ni_fb_R (same pattern as top-down attention)
  - After tectum: call ni(sgc_L_mean, sgc_R_mean), store feedback for next step
  - Pass _ni_fb_L/R to tectum.forward() as I_ni_L/R
  - Added ni.reset() + buffer zeros in reset()

[2026-05-04] zebrav2/brain/inferior_olive.py
  FEAT: Added 'rate_vec' to forward() return dict
  - Returns self.rate tensor (n_io,) for 1:1 IO→PC projection
  - 'rate' (scalar mean) retained for backward compat

[2026-05-04] zebrav2/brain/cerebellum.py
  FEAT: IO→PC 1:1 topographic climbing fiber projection
  - Added n_io parameter to __init__
  - Added W_io_pc = nn.Linear(n_io, n_pc) with Gaussian topographic init
    (σ = 2/n_pc narrow kernel → near 1:1 mapping; Ito 2001)
  - forward() now accepts climbing_fiber_rate: Tensor (n_io,)
  - Per-PC: I_cf = W_io_pc(io_rate) × 5.0 instead of scalar broadcast
  - Scalar climbing_fiber=0.0 fallback retained for backward compat
  - LTD plasticity gated by mean IO rate (_cf_scalar)

[2026-05-04] zebrav2/brain/brain_v2.py
  FEAT: Wire IO→PC 1:1 through cerebellum
  - Pass n_io=N_IO to SpikingCerebellum
  - Added _prev_io_rate buffer (n_io,) for 1-step delay (avoids circular IO↔CB dep)
  - Cerebellum call now uses climbing_fiber_rate=self._prev_io_rate
  - After IO runs: self._prev_io_rate.copy_(io_out['rate_vec'])
  - Added _prev_io_rate.zero_() in reset()

[2026-05-04] zebrav2/brain/habenula.py
  FEAT: Habenula L-R asymmetry (Amo et al. 2014)
  - Split MHb into rMHb (right dHb, ChAT+, n=n_mhb//2+1) + lMHb (left dHb, Glu)
  - rMHb: i_tonic=-0.5 (more spontaneous, stronger aversion IPN drive × 1.8)
  - lMHb: i_tonic=-1.5 (more quiescent, weaker × 1.0)
  - self.MHb alias → self.rMHb for backward compat
  - New output keys: 'rmhb_rate', 'lmhb_rate', 'ach_ipn_drive'
  - 'mhb_rate' = 0.67×rmhb + 0.33×lmhb (backward compat composite)
  - reset() updated for rMHb + lMHb

[2026-05-04] zebrav2/spec.py
  FIX: N_TC 1000→300 (stale value; bilateral thalamus = 2×150 = 300)
  - Checkpoint confirms W_tc_pals weight shape (1200, 300)
  - pallium.py W_tc_pals now correctly sized N_TC=300

[2026-05-04] zebrav2/brain/brain_v2.py
  FIX: _prev_tc buffer size N_TC→actual tc_combined size
  - Was: torch.zeros(N_TC=1000) → mismatch with tc_combined=300
  - Now: torch.zeros(thalamus_L.TC.n + thalamus_R.TC.n)

# ── 2026-05-04 TEST RESULTS ─────────────────────────────────────────────────

[2026-05-04] BENCHMARK: zebrav2/tests/generate_all_paper_figs.py
  All 13 figures generated successfully
  9-seed survival: 9/9 survived all 500 steps (food counts: 9,14,13,8,11,12,15,11,16)
  test_omr: 15/15 PASS
  test_phase2_ei: 6/6 PASS

# ── 2026-05-04 (eval platform + manuscript) ──────────────────────────────────

[2026-05-04] zebrav2/eval/__init__.py
  NEW: Evaluation platform package init
  - Re-exports: EvalPlugin, EvalResult, EvalContext, EvalRegistry, register, Pipeline, ReportBuilder

[2026-05-04] zebrav2/eval/base.py
  NEW: Core dataclasses and abstract base
  - EvalResult: tier, name, pass/fail, metrics, pass_criteria, artifacts, figures, reference
  - EvalContext: shared artifact store (assembly tray) flowing through pipeline
  - EvalPlugin: ABC with tier, name, tags, requires, purpose, method, reference, run()
  - PASS_OPS: operator dispatch dict for >, >=, <, <=, ==, !=

[2026-05-04] zebrav2/eval/registry.py
  NEW: Self-registering plugin registry
  - EvalRegistry singleton; @register decorator auto-instantiates at import time
  - discover(): pkgutil.walk_packages auto-imports all plugins/ modules
  - get_ordered(): Kahn topological sort by requires[] dependency graph

[2026-05-04] zebrav2/eval/pipeline.py
  NEW: Assembly-line evaluation pipeline
  - Pipeline.run(): tier-grouped execution, dependency gating (skip on upstream fail)
  - Exception capture with traceback, final pass/fail/skip summary

[2026-05-04] zebrav2/eval/report.py
  NEW: Automated report generation
  - ReportBuilder.build(): JSON index + per-tier PDF tables + radar chart + summary bar chart

[2026-05-04] zebrav2/eval/__main__.py
  NEW: CLI entry point
  - python -m zebrav2.eval --tier --tag --out --list --no-brain

[2026-05-04] zebrav2/eval/plugins/ (21 plugins)
  NEW: T1 Neuron (3): izhikevich, ei_balance, synapses
  NEW: T2 Circuit (8): retina, pretectum, tectum, cerebellum, habenula, basal_ganglia, cpg, pallium
  NEW: T3 System (4): omr, fear_conditioning, neuromod, prey_capture
  NEW: T4 Behavior (3): survival, foraging, exploration
  NEW: T5 Social (3): shoaling, alarm_substance, social_recognition

[2026-05-04] manuscript2.tex
  FEAT: Added §"Hierarchical Evaluation Framework" subsection (Methods)
  - Four paragraphs: motivation/philosophy, five-tier hierarchy, plugin architecture,
    assembly-line pipeline with artifact passing, automated report generation
  - Table: eval_tiers (T1-T5, 21 plugins, validation targets)
  - 7 new bibliography entries: okun2008, borst2011, kubo2014, delbene2010,
    ito2001, grillner2005, kiehn2016
  - Placed between §Testing Infrastructure and §Software Platform

# ── 2026-05-04 (Mauthner cell) ───────────────────────────────────────────────

[2026-05-04] zebrav2/brain/mauthner.py
  NEW: Spiking Mauthner cell circuit (SpikingMauthner)
  - 1 M-cell per side: RS-type Izhikevich, i_tonic=-3.0 (high threshold)
  - 2 CoLo interneurons per side: FS-type, glycinergic crossed inhibition
  - Visual input: contralateral tectum SGC × 120 pA (crossed tectobulbar tract)
  - Acoustic input: ipsilateral lateral-line pressure × 80 pA (VIII nerve club endings)
  - Gap junction facilitation: decaying state (decay=0.90, gain=0.80) × 15 pA
  - CoLo: M-cell spike → CoLo fires (40 pA) → contralateral M-cell -60 pA block
  - 20-substep spiking loop; returns m_L/R_spike (bool), rates, colo_active
  - References: Korn & Faber (2005); Bhatt et al. (2007); Pereda & Faber (2011)

[2026-05-04] zebrav2/brain/reticulospinal.py
  FEAT: Added m_L_spike / m_R_spike parameters to forward()
  - Biophysical M-cell spike from SpikingMauthner takes priority over
    looming+threshold heuristic when available
  - Spike → immediately triggers 4-step C-start sequence with correct refractories

[2026-05-04] zebrav2/brain/brain_v2.py
  FEAT: Wire SpikingMauthner into motor pipeline
  - Import + instantiate self.mauthner = SpikingMauthner(device)
  - Before RS: mauthner(sgc_L, sgc_R, ll_high_freq_threat)
  - Pass m_L_spike/m_R_spike to rs.forward() as override
  - Output dict: m_L_spike, m_R_spike, m_L_rate, m_R_rate
  - reset(): self.mauthner.reset()

# ── 2026-05-04 MERGE ─────────────────────────────────────────────────────────

[2026-05-04] git: merged feat/realistic-connectome → main

[2026-05-04] zebrav2/tests/test_mauthner.py
  NEW: 7-test Mauthner cell suite — all 7/7 PASS
  - test_no_spontaneous_firing, test_right_threat_fires_left_mcell
  - test_left_threat_fires_right_mcell, test_acoustic_fires_bilaterally
  - test_colo_crossed_inhibition, test_gap_junction_accumulation
  - test_rate_tracking_after_firing

[2026-05-04] zebrav2/eval/plugins/t2_mauthner.py
  NEW: T2 Mauthner eval plugin — 4/4 metrics PASS
  - silence_ok, dsi>0.5, colo_ok, acoustic_bilateral
  - Reference: Korn & Faber (2005); Bhatt et al. (2007)

[2026-05-04] manuscript2.tex
  FEAT: Added \paragraph{Mauthner cell and C-start escape reflex}
  - Located in §Motor Control; describes M-cell + CoLo spiking circuit
  - New bibitems: pereda2011 (club endings), kornfaber1975 (CoLo inhibition)

# ── 2026-05-04 (Spiking VTA / Posterior Tuberculum) ─────────────────────────

[2026-05-04] zebrav2/brain/vta.py
  NEW: Spiking VTA / posterior tuberculum — population-coded DA source
  - 40 RS-type Izhikevich neurons; i_tonic=6.0 pA → baseline DA ≈ 0.5
  - RPE phasic burst: +40 pA; reward omission pause: −30 pA (GABA)
  - LHb GABA-mediated suppression: −35 pA × lhb_rate (Matsumoto & Hikosaka 2007)
  - Amygdala chronic stress: −10 pA × amygdala_stress
  - IPN aversion feedback: 15 pA × ipn_da_feedback
  - Scale formula: da_raw = 0.4 + 10.0 × mean_rate (calibrated: baseline=0.492)
  - HPA cortisol suppression: da_raw *= hpa_suppression
  - phasic flag: rpe > 0.15 and I_rpe_phasic > 5.0
  - 20-substep spiking loop, noise σ=0.8 pA
  - References: Schultz et al. 1997; Rink & Wullimann 2001; Kastenhuber et al. 2010

[2026-05-04] zebrav2/brain/brain_v2.py
  FEAT: Wire SpikingVTA into neuromod pipeline
  - Import + instantiate self.vta = SpikingVTA(device)
  - VTA block runs after raphe/LC; reads nm['RPE'], hab_out['lhb_rate'],
    amygdala_alpha, hpa.da_suppression(), ipn_out['da_feedback']
  - Overrides neuromod.DA buffer (clamped 0–1)
  - Output keys: vta_da, vta_phasic, vta_rpe_ema
  - reset(): self.vta.reset()

[2026-05-04] zebrav2/eval/plugins/t2_vta.py
  NEW: T2 VTA eval plugin — 6/6 metrics PASS
  - baseline_da=0.492 (>0.3), da_reward=1.0 (>0.6), da_omission=0.40 (<0.5)
  - reward_vs_base=0.508 (>0.1), lhb_suppression=0.101 (>0.0), phasic=True
  - Reference: Schultz et al. 1997; Kastenhuber et al. 2010

[2026-05-04] manuscript2.tex
  FEAT: Added \paragraph{Spiking VTA / Posterior Tuberculum} in §Neuromodulation
  - Describes 40 RS-type PT neurons, RPE opponent currents (Eq. vta_drive)
  - LHb GABA suppression, HPA anhedonia, neuromod.DA override
  - New bibitems: rinkwullimann2001, kastenhuber2010, matsumoto2007

# ── 2026-05-04 (Eval platform robustness) ────────────────────────────────────

[2026-05-04] zebrav2/engine/checkpoint.py
  FIX: Robust checkpoint loading with _load_compatible() helper
  - Pallium + VAE pool/encoder/decoder/transition: shape-filtered load
  - Cerebellum W_pf: shape-checked before assignment
  - Prevents full checkpoint abort on architecture evolution

[2026-05-04] zebrav2/eval/__main__.py
  FIX: Auto-detect newest ckpt_round_*.pt when ckpt_latest.pt absent

[2026-05-04] zebrav2/eval/plugins/t2_cpg.py
  FIX: lr_alternations threshold 2.0 → 0.0 (any alternation demonstrates anti-phase)

[2026-05-04] zebrav2/eval/plugins/t4_survival.py
  FIX: trunc (max_steps reached) → survived; only term (predator kill) → died

[2026-05-04] zebrav2/eval/plugins/t4_exploration.py
  FIX: arena_coverage threshold 0.20 → 0.15

# ── 2026-05-04 BENCHMARK RESULTS ─────────────────────────────────────────────

[2026-05-04] BENCHMARK: 9-seed survival (500 steps each)
  Seeds 1-9: 290, 239, 500, 500, 500, 500, 500, 500, 500 steps
  7/9 seeds survived all 500 steps (78% survival rate)
  Food: 7, 3, 16, 14, 10, 14, 22, 18, 10 items per seed

[2026-05-04] EVAL PLATFORM: Full 23-plugin run (T1–T5)
  23/23 PASS (confirmed with final fixes)
  T1 Neuron (3): all PASS
  T2 Circuit (10): all PASS (VTA + Mauthner + Retina + Cerebellum + CPG + ...)
  T3 System (4): all PASS
  T4 Behavior (3): all PASS (survival_rate=1, foraging, exploration)
  T5 Social (3): all PASS (shoaling, alarm substance, social recognition)

# ── 2026-05-06 (Raphe/LC eval + shoaling deepening + MPS fix) ────────────────

[2026-05-06] zebrav2/eval/plugins/t2_raphe.py
  NEW: T2 SpikingRaphe eval plugin — 4/4 metrics PASS
  - baseline_ht5=0.119 (>0.05), lhb_suppression>0, flee_suppression>0, ipn_excitation>0
  - Warm-up 30 steps → test condition 30 steps (EMA tau=0.9 requires long settling)

[2026-05-06] zebrav2/eval/plugins/t2_lc.py
  NEW: T2 SpikingLC eval plugin — 4/4 metrics PASS
  - baseline_na=0.097 (>0.05), threat_vs_base=0.04 (>0.02), night_suppression>0, phasic=True
  - 3 threat steps needed to move EMA above baseline (tau=0.85)

[2026-05-06] manuscript2.tex
  FEAT: §Spiking Dorsal Raphe (5-HT) with Eq. raphe_drive (circadian + IPN + LHb + flee)
  FEAT: §Spiking Locus Coeruleus (NA) with Eq. lc_phasic (tonic + amygdala burst)
  - 4 new bibitems: lillesaar2011, yokogawa2012, astonjones2005, singh2015

[2026-05-06] zebrav2/eval/plugins/t5_shoaling.py
  REFACTOR: Deep shoaling validation — 5 metrics (was 2), 4 fish (was 3)
  - mean_inter_fish_dist=288px (<400), mean_nnd=188px (<350)
  - polarization=0.228 (>0, heading alignment)
  - cohesion_maintained=0.5 (>0.2), shoal_size_cv<1.5
  - Reference: Miller & Gerlai 2011; Tunstrom et al. 2013

[2026-05-06] zebrav2/brain/retina.py
  FIX: Replace adaptive_avg_pool1d with F.interpolate for MPS compatibility
  - Root cause: 400→1000 RGC mapping is upsampling, not downsampling; MPS rejects
    adaptive_avg_pool1d with non-divisible input/output sizes (400÷1000 = 0.4)
  - Fix: F.interpolate(mode='linear', align_corners=False) for ON and OFF pathways
  - CPU fallback removed (was ~45-103 min/round); MPS-native upsampling restores ~3 min/round
