**
(manuscript2.tex
LaTeX2e <2021-11-15> patch level 1
L3 programming layer <2022-02-24> (article.cls
Document Class: article 2021/10/04 v1.4n Standard LaTeX document class
(size12.clo
File: size12.clo 2021/10/04 v1.4n Standard LaTeX file (size option)
)
\c@part=\count181
\c@section=\count182
\c@subsection=\count183
\c@subsubsection=\count184
\c@paragraph=\count185
\c@subparagraph=\count186
\c@figure=\count187
\c@table=\count188
\abovecaptionskip=\skip47
\belowcaptionskip=\skip48
\bibindent=\dimen138
) (inputenc.sty
Package: inputenc 2021/02/14 v1.3d Input encoding file
\inpenc@prehook=\toks16
\inpenc@posthook=\toks17


Package inputenc Warning: inputenc package ignored with utf8 based engines.

) (fontenc.sty
Package: fontenc 2021/04/29 v2.0v Standard LaTeX package
LaTeX Font Info:    Trying to load font information for T1+lmr on input line 11
2.
 (t1lmr.fd
File: t1lmr.fd 2015/05/01 v1.6.1 Font defs for Latin Modern
)) (textcomp.sty
Package: textcomp 2020/02/02 v2.0n Standard LaTeX package
) (geometry.sty
Package: geometry 2020/01/02 v5.9 Page Geometry
 (keyval.sty
Package: keyval 2014/10/28 v1.15 key=value parser (DPC)
\KV@toks@=\toks18
)
(ifvtex.sty
Package: ifvtex 2019/10/25 v1.7 ifvtex legacy package. Use iftex instead.
 (iftex.sty
Package: iftex 2022/02/03 v1.0f TeX engine tests
))
\Gm@cnth=\count189
\Gm@cntv=\count190
\c@Gm@tempcnt=\count191
\Gm@bindingoffset=\dimen139
\Gm@wd@mp=\dimen140
\Gm@odd@mp=\dimen141
\Gm@even@mp=\dimen142
\Gm@layoutwidth=\dimen143
\Gm@layoutheight=\dimen144
\Gm@layouthoffset=\dimen145
\Gm@layoutvoffset=\dimen146
\Gm@dimlist=\toks19
) (setspace.sty
Package: setspace 2011/12/19 v6.7a set line spacing
) (amsmath.sty
Package: amsmath 2021/10/15 v2.17l AMS math features
\@mathmargin=\skip49

For additional information on amsmath, use the `?' option.
(amstext.sty
Package: amstext 2021/08/26 v2.01 AMS text
 (amsgen.sty
File: amsgen.sty 1999/11/30 v2.0 generic functions
\@emptytoks=\toks20
\ex@=\dimen147
)) (amsbsy.sty
Package: amsbsy 1999/11/29 v1.2d Bold Symbols
\pmbraise@=\dimen148
) (amsopn.sty
Package: amsopn 2021/08/26 v2.02 operator names
)
\inf@bad=\count192
LaTeX Info: Redefining \frac on input line 234.
\uproot@=\count193
\leftroot@=\count194
LaTeX Info: Redefining \overline on input line 399.
\classnum@=\count195
\DOTSCASE@=\count196
LaTeX Info: Redefining \ldots on input line 496.
LaTeX Info: Redefining \dots on input line 499.
LaTeX Info: Redefining \cdots on input line 620.
\Mathstrutbox@=\box50
\strutbox@=\box51
\big@size=\dimen149
LaTeX Font Info:    Redeclaring font encoding OML on input line 743.
LaTeX Font Info:    Redeclaring font encoding OMS on input line 744.
\macc@depth=\count197
\c@MaxMatrixCols=\count198
\dotsspace@=\muskip16
\c@parentequation=\count199
\dspbrk@lvl=\count266
\tag@help=\toks21
\row@=\count267
\column@=\count268
\maxfields@=\count269
\andhelp@=\toks22
\eqnshift@=\dimen150
\alignsep@=\dimen151
\tagshift@=\dimen152
\tagwidth@=\dimen153
\totwidth@=\dimen154
\lineht@=\dimen155
\@envbody=\toks23
\multlinegap=\skip50
\multlinetaggap=\skip51
\mathdisplay@stack=\toks24
LaTeX Info: Redefining \[ on input line 2938.
LaTeX Info: Redefining \] on input line 2939.
) (amssymb.sty
Package: amssymb 2013/01/14 v3.01 AMS font symbols

(amsfonts.sty
Package: amsfonts 2013/01/14 v3.01 Basic AMSFonts support
\symAMSa=\mathgroup4
\symAMSb=\mathgroup5
LaTeX Font Info:    Redeclaring math symbol \hbar on input line 98.
LaTeX Font Info:    Overwriting math alphabet `\mathfrak' in version `bold'
(Font)                  U/euf/m/n --> U/euf/b/n on input line 106.
)) (graphicx.sty
Package: graphicx 2021/09/16 v1.2d Enhanced LaTeX Graphics (DPC,SPQR)
 (graphics.sty
Package: graphics 2021/03/04 v1.4d Standard LaTeX Graphics (DPC,SPQR)
 (trig.sty
Package: trig 2021/08/11 v1.11 sin cos tan (DPC)
) (graphics.cfg
File: graphics.cfg 2016/06/04 v1.11 sample graphics configuration
)
Package graphics Info: Driver file: xetex.def on input line 107.

(xetex.def
File: xetex.def 2021/03/18 v5.0k Graphics/color driver for xetex
))
\Gin@req@height=\dimen156
\Gin@req@width=\dimen157
) (float.sty
Package: float 2001/11/08 v1.3d Float enhancements (AL)
\c@float@type=\count270
\float@exts=\toks25
\float@box=\box52
\@float@everytoks=\toks26
\@floatcapt=\box53
) (booktabs.sty
Package: booktabs 2020/01/12 v1.61803398 Publication quality tables
\heavyrulewidth=\dimen158
\lightrulewidth=\dimen159
\cmidrulewidth=\dimen160
\belowrulesep=\dimen161
\belowbottomsep=\dimen162
\aboverulesep=\dimen163
\abovetopsep=\dimen164
\cmidrulesep=\dimen165
\cmidrulekern=\dimen166
\defaultaddspace=\dimen167
\@cmidla=\count271
\@cmidlb=\count272
\@aboverulesep=\dimen168
\@belowrulesep=\dimen169
\@thisruleclass=\count273
\@lastruleclass=\count274
\@thisrulewidth=\dimen170
) (multirow.sty
Package: multirow 2021/03/15 v2.8 Span multiple rows of a table
\multirow@colwidth=\skip52
\multirow@cntb=\count275
\multirow@dima=\skip53
\bigstrutjot=\dimen171
) (natbib.sty
Package: natbib 2010/09/13 8.31b (PWD, AO)
\bibhang=\skip54
\bibsep=\skip55
LaTeX Info: Redefining \cite on input line 694.
\c@NAT@ctr=\count276
)
(hyperref.sty
Package: hyperref 2022-02-21 v7.00n Hypertext links for LaTeX
 (ltxcmds.sty
Package: ltxcmds 2020-05-10 v1.25 LaTeX kernel commands for general use (HO)
) (pdftexcmds.sty
Package: pdftexcmds 2020-06-27 v0.33 Utility functions of pdfTeX for LuaTeX (HO
)
 (infwarerr.sty
Package: infwarerr 2019/12/03 v1.5 Providing info/warning/error messages (HO)
)
Package pdftexcmds Info: \pdf@primitive is available.
Package pdftexcmds Info: \pdf@ifprimitive is available.
Package pdftexcmds Info: \pdfdraftmode not found.
) (kvsetkeys.sty
Package: kvsetkeys 2019/12/15 v1.18 Key value parser (HO)
)
(kvdefinekeys.sty
Package: kvdefinekeys 2019-12-19 v1.6 Define keys (HO)
) (pdfescape.sty
Package: pdfescape 2019/12/09 v1.15 Implements pdfTeX's escape features (HO)
) (hycolor.sty
Package: hycolor 2020-01-27 v1.10 Color options for hyperref/bookmark (HO)
) (letltxmacro.sty
Package: letltxmacro 2019/12/03 v1.6 Let assignment for LaTeX macros (HO)
) (auxhook.sty
Package: auxhook 2019-12-17 v1.6 Hooks for auxiliary files (HO)
) (kvoptions.sty
Package: kvoptions 2020-10-07 v3.14 Key value format for package options (HO)
)
\@linkdim=\dimen172
\Hy@linkcounter=\count277
\Hy@pagecounter=\count278
 (pd1enc.def
File: pd1enc.def 2022-02-21 v7.00n Hyperref: PDFDocEncoding definition (HO)
) (intcalc.sty
Package: intcalc 2019/12/15 v1.3 Expandable calculations with integers (HO)
) (etexcmds.sty
Package: etexcmds 2019/12/15 v1.7 Avoid name clashes with e-TeX commands (HO)
)
\Hy@SavedSpaceFactor=\count279
 (puenc.def
File: puenc.def 2022-02-21 v7.00n Hyperref: PDF Unicode definition (HO)
)
Package hyperref Info: Hyper figures OFF on input line 4137.
Package hyperref Info: Link nesting OFF on input line 4142.
Package hyperref Info: Hyper index ON on input line 4145.
Package hyperref Info: Plain pages OFF on input line 4152.
Package hyperref Info: Backreferencing OFF on input line 4157.
Package hyperref Info: Implicit mode ON; LaTeX internals redefined.
Package hyperref Info: Bookmarks ON on input line 4390.
\c@Hy@tempcnt=\count280

(url.sty
\Urlmuskip=\muskip17
Package: url 2013/09/16  ver 3.4  Verb mode for urls, etc.
)
LaTeX Info: Redefining \url on input line 4749.
\XeTeXLinkMargin=\dimen173
 (bitset.sty
Package: bitset 2019/12/09 v1.3 Handle bit-vector datatype (HO)
 (bigintcalc.sty
Package: bigintcalc 2019/12/15 v1.5 Expandable calculations on big integers (HO
)
))
\Fld@menulength=\count281
\Field@Width=\dimen174
\Fld@charsize=\dimen175
Package hyperref Info: Hyper figures OFF on input line 6027.
Package hyperref Info: Link nesting OFF on input line 6032.
Package hyperref Info: Hyper index ON on input line 6035.
Package hyperref Info: backreferencing OFF on input line 6042.
Package hyperref Info: Link coloring OFF on input line 6047.
Package hyperref Info: Link coloring with OCG OFF on input line 6052.
Package hyperref Info: PDF/A mode OFF on input line 6057.
LaTeX Info: Redefining \ref on input line 6097.
LaTeX Info: Redefining \pageref on input line 6101.
 (atbegshi-ltx.sty
Package: atbegshi-ltx 2021/01/10 v1.0c Emulation of the original atbegshi
package with kernel methods
)
\Hy@abspage=\count282
\c@Item=\count283
\c@Hfootnote=\count284
)
Package hyperref Info: Driver (autodetected): hxetex.
 (hxetex.def
File: hxetex.def 2022-02-21 v7.00n Hyperref driver for XeTeX

(stringenc.sty
Package: stringenc 2019/11/29 v1.12 Convert strings between diff. encodings (HO
)
)
\pdfm@box=\box54
\c@Hy@AnnotLevel=\count285
\HyField@AnnotCount=\count286
\Fld@listcount=\count287
\c@bookmark@seq@number=\count288
 (rerunfilecheck.sty
Package: rerunfilecheck 2019/12/05 v1.9 Rerun checks for auxiliary files (HO)
 (atveryend-ltx.sty
Package: atveryend-ltx 2020/08/19 v1.0a Emulation of the original atveryend pac
kage
with kernel methods
) (uniquecounter.sty
Package: uniquecounter 2019/12/15 v1.4 Provide unlimited unique counter (HO)
)
Package uniquecounter Info: New unique counter `rerunfilecheck' on input line 2
86.
)
\Hy@SectionHShift=\skip56
)
Package hyperref Info: Option `colorlinks' set `true' on input line 33.

(enumitem.sty
Package: enumitem 2019/06/20 v3.9 Customized lists
\labelindent=\skip57
\enit@outerparindent=\dimen176
\enit@toks=\toks27
\enit@inbox=\box55
\enit@count@id=\count289
\enitdp@description=\count290
) (xcolor.sty
Package: xcolor 2021/10/31 v2.13 LaTeX color extensions (UK)
 (color.cfg
File: color.cfg 2016/01/02 v1.6 sample color configuration
)
Package xcolor Info: Driver file: xetex.def on input line 227.
Package xcolor Info: Model `cmy' substituted by `cmy0' on input line 1352.
Package xcolor Info: Model `RGB' extended on input line 1368.
Package xcolor Info: Model `HTML' substituted by `rgb' on input line 1370.
Package xcolor Info: Model `Hsb' substituted by `hsb' on input line 1371.
Package xcolor Info: Model `tHsb' substituted by `hsb' on input line 1372.
Package xcolor Info: Model `HSB' substituted by `hsb' on input line 1373.
Package xcolor Info: Model `Gray' substituted by `gray' on input line 1374.
Package xcolor Info: Model `wave' substituted by `hsb' on input line 1375.
) (l3backend-xetex.def
File: l3backend-xetex.def 2022-02-07 L3 backend support: XeTeX
\c__kernel_sys_dvipdfmx_version_int=\count291
\l__color_backend_stack_int=\count292
\g__color_backend_stack_int=\count293
\g__graphics_track_int=\count294
\l__pdf_internal_box=\box56
\g__pdf_backend_object_int=\count295
\g__pdf_backend_annotation_int=\count296
\g__pdf_backend_link_int=\count297
) (manuscript2.aux)
\openout1 = `manuscript2.aux'.

LaTeX Font Info:    Checking defaults for OML/cmm/m/it on input line 48.
LaTeX Font Info:    ... okay on input line 48.
LaTeX Font Info:    Checking defaults for OMS/cmsy/m/n on input line 48.
LaTeX Font Info:    ... okay on input line 48.
LaTeX Font Info:    Checking defaults for OT1/cmr/m/n on input line 48.
LaTeX Font Info:    ... okay on input line 48.
LaTeX Font Info:    Checking defaults for T1/cmr/m/n on input line 48.
LaTeX Font Info:    ... okay on input line 48.
LaTeX Font Info:    Checking defaults for TS1/cmr/m/n on input line 48.
LaTeX Font Info:    Trying to load font information for TS1+cmr on input line 4
8.
(ts1cmr.fd
File: ts1cmr.fd 2019/12/16 v2.5j Standard LaTeX font definitions
)
LaTeX Font Info:    ... okay on input line 48.
LaTeX Font Info:    Checking defaults for TU/lmr/m/n on input line 48.
LaTeX Font Info:    ... okay on input line 48.
LaTeX Font Info:    Checking defaults for OMX/cmex/m/n on input line 48.
LaTeX Font Info:    ... okay on input line 48.
LaTeX Font Info:    Checking defaults for U/cmr/m/n on input line 48.
LaTeX Font Info:    ... okay on input line 48.
LaTeX Font Info:    Checking defaults for PD1/pdf/m/n on input line 48.
LaTeX Font Info:    ... okay on input line 48.
LaTeX Font Info:    Checking defaults for PU/pdf/m/n on input line 48.
LaTeX Font Info:    ... okay on input line 48.

*geometry* driver: auto-detecting
*geometry* detected driver: xetex
*geometry* verbose mode - [ preamble ] result:
* driver: xetex
* paper: <default>
* layout: <same size as paper>
* layoutoffset:(h,v)=(0.0pt,0.0pt)
* modes: 
* h-part:(L,W,R)=(72.26999pt, 469.75502pt, 72.26999pt)
* v-part:(T,H,B)=(72.26999pt, 650.43001pt, 72.26999pt)
* \paperwidth=614.295pt
* \paperheight=794.96999pt
* \textwidth=469.75502pt
* \textheight=650.43001pt
* \oddsidemargin=0.0pt
* \evensidemargin=0.0pt
* \topmargin=-37.0pt
* \headheight=12.0pt
* \headsep=25.0pt
* \topskip=12.0pt
* \footskip=30.0pt
* \marginparwidth=44.0pt
* \marginparsep=10.0pt
* \columnsep=10.0pt
* \skip\footins=10.8pt plus 4.0pt minus 2.0pt
* \hoffset=0.0pt
* \voffset=0.0pt
* \mag=1000
* \@twocolumnfalse
* \@twosidefalse
* \@mparswitchfalse
* \@reversemarginfalse
* (1in=72.27pt=25.4mm, 1cm=28.453pt)

Package hyperref Info: Link coloring ON on input line 48.
(nameref.sty
Package: nameref 2021-04-02 v2.47 Cross-referencing by name of section
 (refcount.sty
Package: refcount 2019/12/15 v3.6 Data extraction from label references (HO)
) (gettitlestring.sty
Package: gettitlestring 2019/12/15 v1.6 Cleanup title references (HO)
)
\c@section@level=\count298
)
LaTeX Info: Redefining \ref on input line 48.
LaTeX Info: Redefining \pageref on input line 48.
LaTeX Info: Redefining \nameref on input line 48.
 (manuscript2.out)
(manuscript2.out)
\@outlinefile=\write3
\openout3 = `manuscript2.out'.

LaTeX Font Info:    Trying to load font information for U+msa on input line 50.

 (umsa.fd
File: umsa.fd 2013/01/14 v3.01 AMS symbols A
)
LaTeX Font Info:    Trying to load font information for U+msb on input line 50.

 (umsb.fd
File: umsb.fd 2013/01/14 v3.01 AMS symbols B
) [1

] [2] [3] [4] [5]
File: plots/paper/fig0_intro_overview.png Graphic file (type bmp)
<plots/paper/fig0_intro_overview.png>
 [6]
Overfull \vbox (54.01112pt too high) has occurred while \output is active []


[7] [8]
Overfull \hbox (16.19867pt too wide) in paragraph at lines 371--385
 []\T1/lmr/bx/n/12 Reinforcement Learn-ing and Dopamine[] \T1/lmr/m/n/12 The co
r-re-spon-dence be-tween temporal-difference
 []

[9]
Overfull \hbox (16.61433pt too wide) in paragraph at lines 424--427
 []\T1/lmr/bx/n/12 Excitatory--Inhibitory Lay-ers[] \T1/lmr/m/n/12 Each cortica
l-like re-gion uses an EI layer with 75%excitatory
 []

[10] [11] [12]
LaTeX Font Info:    Trying to load font information for T1+lmtt on input line 5
81.
 (t1lmtt.fd
File: t1lmtt.fd 2015/05/01 v1.6.1 Font defs for Latin Modern
) [13] [14] [15] [16] [17] [18]

LaTeX Warning: `h' float specifier changed to `ht'.

[19] [20] [21] [22] [23] [24]
Overfull \hbox (5.61687pt too wide) in paragraph at lines 1096--1101
 []\T1/lmr/bx/n/12 Reticulospinal Vol-un-tary Mo-tor Path-way[] \T1/lmr/m/n/12 
The retic-u-lospinal sys-tem con-tains 21 named
 []

[25]
File: plots/v2_paper/fig_apc.pdf Graphic file (type pdf)
<use plots/v2_paper/fig_apc.pdf>
 [26] [27] [28] [29]
Overfull \hbox (2.00853pt too wide) in paragraph at lines 1314--1316
 []\T1/lmr/bx/n/12 Expected Free En-ergy[] \T1/lmr/m/n/12 Four dis-crete goals 
$\OMS/cmsy/m/n/12 G \OT1/cmr/m/n/12 = \OMS/cmsy/m/n/12 f[]\OML/cmm/m/it/12 ; []
; []; []\OMS/cmsy/m/n/12 g$
 []


Overfull \hbox (40.699pt too wide) detected at line 1332
[][][][]
 []

[30] [31] [32]
Overfull \hbox (14.21323pt too wide) in paragraph at lines 1457--1463
 []\T1/lmr/bx/n/12 Predator Model[] \T1/lmr/m/n/12 A Kalman fil-ter main-tains 
be-liefs over preda-tor state $\OT1/cmr/bx/n/12 s \OT1/cmr/m/n/12 = [\OML/cmm/m
/it/12 x; y; v[]; v[]; []\OT1/cmr/m/n/12 ]$
 []

[33]
Overfull \hbox (3.14691pt too wide) in paragraph at lines 1513--1525
\T1/lmr/m/n/12 fir-ing rate (dis-ap-point-ment sig-nal, GABAer-gic sup-pres-sio
n ([][]Mat-sumoto and Hikosaka[][], [][]2007[][])),
 []

[34]
Missing character: There is no → ("2192) in font ec-lmr12!
[35]
Overfull \hbox (10.31168pt too wide) in paragraph at lines 1591--1597
 []\T1/lmr/bx/n/12 HPA/HPI Axis (Cor-ti-sol)[] \T1/lmr/m/n/12 The hypothalamic-
-pituitary--interrenal (HPI) axis---the teleost
 []

[36] [37] [38] [39] [40] [41]
Overfull \hbox (0.99019pt too wide) in paragraph at lines 1856--1867
\T1/lmr/m/n/12 habe-nula frus-tra-tion, VAE episodic mem-ory cen-troids, \T1/lm
tt/m/n/12 MetaGoalWeights\T1/lmr/m/n/12 , and \T1/lmtt/m/n/12 SocialMemory
 []


Overfull \hbox (4.55754pt too wide) in paragraph at lines 1870--1875
 []\T1/lmr/bx/n/12 Curriculum Train-ing[] \T1/lmr/m/n/12 Pro-gres-sive dif-fi-c
ulty scal-ing through four stages: FOR-AGE_EASY
 []

[42] [43]
File: plots/v2_paper/fig2_decisions.png Graphic file (type bmp)
<plots/v2_paper/fig2_decisions.png>
File: plots/v2_paper/fig3_multi_seed.png Graphic file (type bmp)
<plots/v2_paper/fig3_multi_seed.png>
 [44]
File: plots/paper/fig_speed_ratios.png Graphic file (type bmp)
<plots/paper/fig_speed_ratios.png>
 [45]
File: plots/paper/fig_threat_curve.png Graphic file (type bmp)
<plots/paper/fig_threat_curve.png>
 [46]
File: plots/paper/fig_heart_rate.png Graphic file (type bmp)
<plots/paper/fig_heart_rate.png>
 [47]
File: plots/v2_paper/fig4_ablation.png Graphic file (type bmp)
<plots/v2_paper/fig4_ablation.png>
 [48]
Overfull \hbox (1.43478pt too wide) in paragraph at lines 2099--2111
[]\T1/lmr/m/n/12 Beyond the spik-ing critic, two ad-di-tional on-line learn-ing
 sys-tems up-date be-tween episodes.
 []

Missing character: There is no — ("2014) in font ec-lmr12!
[49] [50] [51]
Overfull \vbox (369.14168pt too high) has occurred while \output is active []


[52] [53] [54] [55]
Overfull \hbox (3.9719pt too wide) in paragraph at lines 2374--2383
 []\T1/lmr/bx/n/12 Module in-ter-ac-tion tests.[] \T1/lmr/m/n/12 Cross-module i
n-te-gra-tion tests val-i-date cas-cad-ing ef-fects across
 []


Overfull \hbox (39.54404pt too wide) in paragraph at lines 2385--2397
 []\T1/lmr/bx/n/12 Spatial at-las val-i-da-tion.[] \T1/lmr/m/n/12 Six tests ver
-ify that the spa-tial neu-ron reg-istry (\T1/lmtt/m/n/12 spatial_registry.py\T
1/lmr/m/n/12 )
 []


Overfull \hbox (0.70517pt too wide) in paragraph at lines 2399--2418
\T1/lmr/m/n/12 stages mapped); (ii) all mapped mod-ule classes are im-ported in
 \T1/lmtt/m/n/12 brain_v2.py\T1/lmr/m/n/12 ; (iii) DA/NA/5-
 []

[56]
Overfull \hbox (35.23021pt too wide) in paragraph at lines 2420--2440
\T1/lmr/m/n/12 tor pro-gram tests con-firm the speed hi-er-ar-chy FLEE$\OML/cmm
/m/it/12 >$\T1/lmr/m/n/12 FORAGE$\OML/cmm/m/it/12 >$\T1/lmr/m/n/12 EXPLORE$\OML
/cmm/m/it/12 >$\T1/lmr/m/n/12 SOCIAL$\OML/cmm/m/it/12 >$\T1/lmr/m/n/12 SLEEP
 []


Overfull \hbox (5.66133pt too wide) in paragraph at lines 2420--2440
\T1/lmr/m/n/12 nu-soidal scan-ning, SO-CIAL steer-ing to-ward con-specifics, an
d SLEEP shelter-seeking. Energy--
 []

[57] [58] [59] [60]
Overfull \hbox (5.93057pt too wide) in paragraph at lines 2607--2607
[]\T1/lmr/bx/n/17.28 Virtual Lab-o-ra-tory: Ex-per-i-men-tal Pro-to-cols and Di
s-
 []

[61]
Overfull \hbox (26.44861pt too wide) in paragraph at lines 2639--2656
 [][] 
 []


Underfull \hbox (badness 10000) in paragraph at lines 2661--2661
[]\T1/lmr/m/n/12 Table 8: []Four stan-dard-ized be-hav-ioral as-says im-ple-men
ted in
 []


Overfull \hbox (127.37349pt too wide) in paragraph at lines 2663--2673
 [][] 
 []


Overfull \hbox (4.46289pt too wide) in paragraph at lines 2678--2682
\T1/lmr/m/n/12 Five scenario-based pro-to-cols are im-ple-mented in \T1/lmtt/m/
n/12 zebrav2/tests/scenario_suite.py\T1/lmr/m/n/12 . Each
 []

[62] [63] [64] [65] [66]
Overfull \hbox (30.54147pt too wide) in paragraph at lines 2849--2877
 []\T1/lmr/bx/n/12 Disorder API.[] \T1/lmr/m/n/12 All eight dis-or-der pro-file
s are ac-ces-si-ble via a sin-gle call \T1/lmtt/m/n/12 apply_disorder(brain,
 []

[67] [68]
Missing character: There is no — ("2014) in font ec-lmbx12!
Missing character: There is no — ("2014) in font ec-lmbx12!
Missing character: There is no — ("2014) in font ec-lmbx12!
Missing character: There is no — ("2014) in font ec-lmbx12!
Missing character: There is no — ("2014) in font ec-lmr12!
Missing character: There is no — ("2014) in font ec-lmr12!
Missing character: There is no — ("2014) in font ec-lmr12!
[69] [70] [71] [72] [73] [74] [75] [76]
Overfull \hbox (9.54865pt too wide) in paragraph at lines 3267--3279
 []\T1/lmr/bx/n/12 Disorder mod-el-ing ex-ten-sions.[] \T1/lmr/m/n/12 The three
 dis-or-der pro-files presented---hypodopaminergic,
 []


Overfull \hbox (29.66824pt too wide) in paragraph at lines 3293--3307
\T1/lmr/m/n/12 strates that the same ac-tive in-fer-ence frame-work gen-er-alis
es to \T1/lmr/m/it/12 C. el-e-gans\T1/lmr/m/n/12 , \T1/lmr/m/it/12 Drosophila m
elanogaster\T1/lmr/m/n/12 ,
 []

[77] [78]
Overfull \hbox (28.98944pt too wide) in paragraph at lines 3379--3441
 [][] 
 []

[79]
Overfull \vbox (592.46558pt too high) has occurred while \output is active []


[80] [81] [82] [83] [84] [85] [86] [87] [88] [89] [90] [91] (manuscript2.aux)
Package rerunfilecheck Info: File `manuscript2.out' has not changed.
(rerunfilecheck)             Checksum: ED848E5E0E16047EAF3CC42BB2238875;7120.
 )
Output written on manuscript2.xdv (91 pages, 349216 bytes).
